2025-08-06 22:25:24,635 - INFO - 🚀 开始冲突检测测试...
2025-08-06 22:25:24,654 - INFO - 🧹 清理测试数据...
2025-08-06 22:25:24,859 - INFO - HTTP Request: DELETE https://oloqosncolwvxyzrcnsl.supabase.co/rest/v1/events?user_id=eq.33a07e45-c5a8-4b95-9e39-c12752012e36 "HTTP/2 200 OK"
2025-08-06 22:25:24,862 - INFO - 🗑️ 已删除 6 个测试事件
2025-08-06 22:25:24,862 - INFO - 🔧 开始插入示例自动调度事件...
2025-08-06 22:25:24,862 - INFO - 📝 创建自动调度事件: 每日晨会
2025-08-06 22:25:24,862 - INFO - 📅 SCHEDULE START: User 33a07e45-c5a8-4b95-9e39-c12752012e36, task '每日晨会', duration 0.5h
2025-08-06 22:25:24,862 - INFO - 📅 SCHEDULE PARAMS: start=None, end=None, timezone=None
2025-08-06 22:25:24,862 - INFO - 📅 SCHEDULE PARAMS: importance=0.7, deadline=None, description='团队每日站立会议 - prefer early morning start for team alignment'
2025-08-06 22:25:24,983 - INFO - HTTP Request: GET https://oloqosncolwvxyzrcnsl.supabase.co/rest/v1/events?select=id%2C%20user_id%2C%20task_type_id%2C%20title%2C%20description%2C%20scheduled_start%2C%20scheduled_end%2C%20fit_score%2C%20priority_score%2C%20alternative_slots&user_id=eq.33a07e45-c5a8-4b95-9e39-c12752012e36&scheduled_start=gte.2025-08-07T06%3A00%3A00&scheduled_end=lte.2025-08-14T06%3A00%3A00 "HTTP/2 200 OK"
2025-08-06 22:25:24,986 - INFO - 📅 EXISTING EVENTS: Found 0 events for collision check
2025-08-06 22:25:24,986 - INFO - 🎯 AUTO-SCHEDULING: Finding optimal time slot using patterns
2025-08-06 22:25:24,986 - INFO - 🔍 SIMILARITY SEARCH: Looking for similar task types
2025-08-06 22:25:25,126 - INFO - HTTP Request: GET https://oloqosncolwvxyzrcnsl.supabase.co/rest/v1/task_types?select=task_type%2C%20completion_count&user_id=eq.33a07e45-c5a8-4b95-9e39-c12752012e36 "HTTP/2 200 OK"
2025-08-06 22:25:25,828 - INFO - HTTP Request: POST https://api.openai.com/v1/embeddings "HTTP/1.1 200 OK"
2025-08-06 22:25:25,966 - INFO - HTTP Request: POST https://oloqosncolwvxyzrcnsl.supabase.co/rest/v1/rpc/match_task_types "HTTP/2 200 OK"
2025-08-06 22:25:26,013 - INFO - 🎯 PATTERN SCHEDULING: Using '每日晨会' (similarity: 1.000, completions: 0)
2025-08-06 22:25:26,013 - INFO - SLOT_SEARCH: Finding 0.5h slot for '每日晨会' with importance 0.70, priority 0.70
2025-08-06 22:25:26,124 - INFO - HTTP Request: GET https://oloqosncolwvxyzrcnsl.supabase.co/rest/v1/users?select=weekly_energy_pattern&id=eq.33a07e45-c5a8-4b95-9e39-c12752012e36 "HTTP/2 200 OK"
2025-08-06 22:25:26,124 - INFO - EVENTS_BREAKDOWN: 0 fixed events, 0 movable events
2025-08-06 22:25:26,126 - INFO - SLOT_SELECTED: 08/07 06:00 to 06:30 (full_score: 0.393)
2025-08-06 22:25:26,126 - INFO - DATABASE_CREATE: Creating event in database
2025-08-06 22:25:26,221 - INFO - HTTP Request: POST https://oloqosncolwvxyzrcnsl.supabase.co/rest/v1/events "HTTP/2 201 Created"
2025-08-06 22:25:26,221 - INFO - DATABASE_CREATE_SUCCESS: Event created with ID: 7a55f5ea-de1a-4586-ade6-0a81d1ab7477, 2 alternatives stored
2025-08-06 22:25:26,221 - INFO - 📅 SCHEDULE SUCCESS: Event 7a55f5ea-de1a-4586-ade6-0a81d1ab7477 scheduled using auto_schedule
2025-08-06 22:25:26,221 - INFO - ✅ 创建成功: 7a55f5ea-de1a-4586-ade6-0a81d1ab7477
2025-08-06 22:25:26,221 - INFO - 📝 创建自动调度事件: 代码审查
2025-08-06 22:25:26,221 - INFO - 📅 SCHEDULE START: User 33a07e45-c5a8-4b95-9e39-c12752012e36, task '代码审查', duration 1.0h
2025-08-06 22:25:26,221 - INFO - 📅 SCHEDULE PARAMS: start=None, end=None, timezone=None
2025-08-06 22:25:26,221 - INFO - 📅 SCHEDULE PARAMS: importance=0.6, deadline=None, description='审查新功能的代码 - prefer in morning when I'm most focused and alert'
2025-08-06 22:25:26,336 - INFO - HTTP Request: GET https://oloqosncolwvxyzrcnsl.supabase.co/rest/v1/events?select=id%2C%20user_id%2C%20task_type_id%2C%20title%2C%20description%2C%20scheduled_start%2C%20scheduled_end%2C%20fit_score%2C%20priority_score%2C%20alternative_slots&user_id=eq.33a07e45-c5a8-4b95-9e39-c12752012e36&scheduled_start=gte.2025-08-07T06%3A00%3A00&scheduled_end=lte.2025-08-14T06%3A00%3A00 "HTTP/2 200 OK"
2025-08-06 22:25:26,336 - INFO - 📅 EXISTING EVENTS: Found 1 events for collision check
2025-08-06 22:25:26,336 - INFO - 🎯 AUTO-SCHEDULING: Finding optimal time slot using patterns
2025-08-06 22:25:26,336 - INFO - 🔍 SIMILARITY SEARCH: Looking for similar task types
2025-08-06 22:25:26,417 - INFO - HTTP Request: GET https://oloqosncolwvxyzrcnsl.supabase.co/rest/v1/task_types?select=task_type%2C%20completion_count&user_id=eq.33a07e45-c5a8-4b95-9e39-c12752012e36 "HTTP/2 200 OK"
2025-08-06 22:25:26,602 - INFO - HTTP Request: POST https://api.openai.com/v1/embeddings "HTTP/1.1 200 OK"
2025-08-06 22:25:26,710 - INFO - HTTP Request: POST https://oloqosncolwvxyzrcnsl.supabase.co/rest/v1/rpc/match_task_types "HTTP/2 200 OK"
2025-08-06 22:25:26,712 - INFO - 🎯 PATTERN SCHEDULING: Using '代码审查' (similarity: 1.000, completions: 0)
2025-08-06 22:25:26,712 - INFO - SLOT_SEARCH: Finding 1.0h slot for '代码审查' with importance 0.60, priority 0.60
2025-08-06 22:25:26,807 - INFO - HTTP Request: GET https://oloqosncolwvxyzrcnsl.supabase.co/rest/v1/users?select=weekly_energy_pattern&id=eq.33a07e45-c5a8-4b95-9e39-c12752012e36 "HTTP/2 200 OK"
2025-08-06 22:25:26,810 - INFO - EVENTS_BREAKDOWN: 0 fixed events, 1 movable events
2025-08-06 22:25:26,811 - INFO - SLOT_SELECTED: 08/07 06:30 to 07:30 (full_score: 0.312)
2025-08-06 22:25:26,811 - INFO - DATABASE_CREATE: Creating event in database
2025-08-06 22:25:26,882 - INFO - HTTP Request: POST https://oloqosncolwvxyzrcnsl.supabase.co/rest/v1/events "HTTP/2 201 Created"
2025-08-06 22:25:26,883 - INFO - DATABASE_CREATE_SUCCESS: Event created with ID: bbfdd185-d663-412b-ac1c-59c662700493, 2 alternatives stored
2025-08-06 22:25:26,883 - INFO - 📅 SCHEDULE SUCCESS: Event bbfdd185-d663-412b-ac1c-59c662700493 scheduled using auto_schedule
2025-08-06 22:25:26,883 - INFO - ✅ 创建成功: bbfdd185-d663-412b-ac1c-59c662700493
2025-08-06 22:25:26,883 - INFO - 📝 创建自动调度事件: 客户会议
2025-08-06 22:25:26,883 - INFO - 📅 SCHEDULE START: User 33a07e45-c5a8-4b95-9e39-c12752012e36, task '客户会议', duration 1.5h
2025-08-06 22:25:26,883 - INFO - 📅 SCHEDULE PARAMS: start=None, end=None, timezone=None
2025-08-06 22:25:26,883 - INFO - 📅 SCHEDULE PARAMS: importance=0.8, deadline=None, description='与客户讨论项目需求 - business meetings work best in afternoon hours'
2025-08-06 22:25:26,964 - INFO - HTTP Request: GET https://oloqosncolwvxyzrcnsl.supabase.co/rest/v1/events?select=id%2C%20user_id%2C%20task_type_id%2C%20title%2C%20description%2C%20scheduled_start%2C%20scheduled_end%2C%20fit_score%2C%20priority_score%2C%20alternative_slots&user_id=eq.33a07e45-c5a8-4b95-9e39-c12752012e36&scheduled_start=gte.2025-08-07T06%3A00%3A00&scheduled_end=lte.2025-08-14T06%3A00%3A00 "HTTP/2 200 OK"
2025-08-06 22:25:26,964 - INFO - 📅 EXISTING EVENTS: Found 2 events for collision check
2025-08-06 22:25:26,964 - INFO - 🎯 AUTO-SCHEDULING: Finding optimal time slot using patterns
2025-08-06 22:25:26,964 - INFO - 🔍 SIMILARITY SEARCH: Looking for similar task types
2025-08-06 22:25:27,084 - INFO - HTTP Request: GET https://oloqosncolwvxyzrcnsl.supabase.co/rest/v1/task_types?select=task_type%2C%20completion_count&user_id=eq.33a07e45-c5a8-4b95-9e39-c12752012e36 "HTTP/2 200 OK"
2025-08-06 22:25:27,268 - INFO - HTTP Request: POST https://api.openai.com/v1/embeddings "HTTP/1.1 200 OK"
2025-08-06 22:25:27,350 - INFO - HTTP Request: POST https://oloqosncolwvxyzrcnsl.supabase.co/rest/v1/rpc/match_task_types "HTTP/2 200 OK"
2025-08-06 22:25:27,351 - INFO - 🎯 PATTERN SCHEDULING: Using '客户会议' (similarity: 1.000, completions: 0)
2025-08-06 22:25:27,351 - INFO - SLOT_SEARCH: Finding 1.5h slot for '客户会议' with importance 0.80, priority 0.80
2025-08-06 22:25:27,455 - INFO - HTTP Request: GET https://oloqosncolwvxyzrcnsl.supabase.co/rest/v1/users?select=weekly_energy_pattern&id=eq.33a07e45-c5a8-4b95-9e39-c12752012e36 "HTTP/2 200 OK"
2025-08-06 22:25:27,456 - INFO - EVENTS_BREAKDOWN: 0 fixed events, 2 movable events
2025-08-06 22:25:27,456 - INFO - CONFLICT_RESOLUTION: New task full_score 0.480 > conflicting events 0.350 (with penalty), displacing 1 events
2025-08-06 22:25:27,456 - INFO - CONFLICT_RESOLUTION: New task full_score 0.480 > conflicting events 0.350 (with penalty), displacing 1 events
2025-08-06 22:25:27,457 - INFO - SLOT_SELECTED_WITH_DISPLACEMENT: Displacing 1 events
2025-08-06 22:25:27,457 - INFO - RESCHEDULE_NO_ALTERNATIVES: Event '代码审查' has no stored alternatives
2025-08-06 22:25:27,457 - ERROR - RESCHEDULE_FAILED: Could not reschedule event '代码审查': 'DatabaseService' object has no attribute 'delete_event'
2025-08-06 22:25:27,457 - INFO - SLOT_SELECTED: 08/07 06:30 to 08:00 (full_score: 0.480)
2025-08-06 22:25:27,458 - INFO - DATABASE_CREATE: Creating event in database
2025-08-06 22:25:27,535 - INFO - HTTP Request: POST https://oloqosncolwvxyzrcnsl.supabase.co/rest/v1/events "HTTP/2 201 Created"
2025-08-06 22:25:27,536 - INFO - DATABASE_CREATE_SUCCESS: Event created with ID: 544527a7-3543-48f1-9511-089705dd0820, 2 alternatives stored
2025-08-06 22:25:27,536 - INFO - 📅 SCHEDULE SUCCESS: Event 544527a7-3543-48f1-9511-089705dd0820 scheduled using auto_schedule
2025-08-06 22:25:27,536 - INFO - ✅ 创建成功: 544527a7-3543-48f1-9511-089705dd0820
2025-08-06 22:25:27,536 - INFO - 📝 创建自动调度事件: 创意头脑风暴
2025-08-06 22:25:27,536 - INFO - 📅 SCHEDULE START: User 33a07e45-c5a8-4b95-9e39-c12752012e36, task '创意头脑风暴', duration 2.0h
2025-08-06 22:25:27,536 - INFO - 📅 SCHEDULE PARAMS: start=None, end=None, timezone=None
2025-08-06 22:25:27,537 - INFO - 📅 SCHEDULE PARAMS: importance=0.75, deadline=None, description='新产品功能的创意讨论 - I prefer working on creative tasks in the morning hours'
2025-08-06 22:25:27,644 - INFO - HTTP Request: GET https://oloqosncolwvxyzrcnsl.supabase.co/rest/v1/events?select=id%2C%20user_id%2C%20task_type_id%2C%20title%2C%20description%2C%20scheduled_start%2C%20scheduled_end%2C%20fit_score%2C%20priority_score%2C%20alternative_slots&user_id=eq.33a07e45-c5a8-4b95-9e39-c12752012e36&scheduled_start=gte.2025-08-07T06%3A00%3A00&scheduled_end=lte.2025-08-14T06%3A00%3A00 "HTTP/2 200 OK"
2025-08-06 22:25:27,645 - INFO - 📅 EXISTING EVENTS: Found 3 events for collision check
2025-08-06 22:25:27,645 - INFO - 🎯 AUTO-SCHEDULING: Finding optimal time slot using patterns
2025-08-06 22:25:27,645 - INFO - 🔍 SIMILARITY SEARCH: Looking for similar task types
2025-08-06 22:25:27,725 - INFO - HTTP Request: GET https://oloqosncolwvxyzrcnsl.supabase.co/rest/v1/task_types?select=task_type%2C%20completion_count&user_id=eq.33a07e45-c5a8-4b95-9e39-c12752012e36 "HTTP/2 200 OK"
2025-08-06 22:25:28,062 - INFO - HTTP Request: POST https://api.openai.com/v1/embeddings "HTTP/1.1 200 OK"
2025-08-06 22:25:28,170 - INFO - HTTP Request: POST https://oloqosncolwvxyzrcnsl.supabase.co/rest/v1/rpc/match_task_types "HTTP/2 200 OK"
2025-08-06 22:25:28,171 - INFO - 🎯 PATTERN SCHEDULING: Using '创意头脑风暴' (similarity: 1.000, completions: 0)
2025-08-06 22:25:28,171 - INFO - SLOT_SEARCH: Finding 2.0h slot for '创意头脑风暴' with importance 0.75, priority 0.75
2025-08-06 22:25:28,500 - INFO - HTTP Request: GET https://oloqosncolwvxyzrcnsl.supabase.co/rest/v1/users?select=weekly_energy_pattern&id=eq.33a07e45-c5a8-4b95-9e39-c12752012e36 "HTTP/2 200 OK"
2025-08-06 22:25:28,501 - INFO - EVENTS_BREAKDOWN: 0 fixed events, 3 movable events
2025-08-06 22:25:28,501 - INFO - CONFLICT_RESOLUTION: New task full_score 0.436 > conflicting events 0.350 (with penalty), displacing 1 events
2025-08-06 22:25:28,506 - INFO - SLOT_SELECTED_WITH_DISPLACEMENT: Displacing 1 events
2025-08-06 22:25:28,506 - INFO - RESCHEDULE_NO_ALTERNATIVES: Event '客户会议' has no stored alternatives
2025-08-06 22:25:28,506 - ERROR - RESCHEDULE_FAILED: Could not reschedule event '客户会议': 'DatabaseService' object has no attribute 'delete_event'
2025-08-06 22:25:28,506 - INFO - SLOT_SELECTED: 08/07 07:30 to 09:30 (full_score: 0.436)
2025-08-06 22:25:28,506 - INFO - DATABASE_CREATE: Creating event in database
2025-08-06 22:25:28,606 - INFO - HTTP Request: POST https://oloqosncolwvxyzrcnsl.supabase.co/rest/v1/events "HTTP/2 201 Created"
2025-08-06 22:25:28,607 - INFO - DATABASE_CREATE_SUCCESS: Event created with ID: 909a27b7-8f66-480d-ba02-20344b50d008, 2 alternatives stored
2025-08-06 22:25:28,607 - INFO - 📅 SCHEDULE SUCCESS: Event 909a27b7-8f66-480d-ba02-20344b50d008 scheduled using auto_schedule
2025-08-06 22:25:28,607 - INFO - ✅ 创建成功: 909a27b7-8f66-480d-ba02-20344b50d008
2025-08-06 22:25:28,607 - INFO - 📝 创建自动调度事件: 文档整理
2025-08-06 22:25:28,607 - INFO - 📅 SCHEDULE START: User 33a07e45-c5a8-4b95-9e39-c12752012e36, task '文档整理', duration 1.0h
2025-08-06 22:25:28,607 - INFO - 📅 SCHEDULE PARAMS: start=None, end=None, timezone=None
2025-08-06 22:25:28,607 - INFO - 📅 SCHEDULE PARAMS: importance=0.4, deadline=None, description='整理项目文档和资料 - administrative tasks are better in afternoon when energy is stable'
2025-08-06 22:25:28,928 - INFO - HTTP Request: GET https://oloqosncolwvxyzrcnsl.supabase.co/rest/v1/events?select=id%2C%20user_id%2C%20task_type_id%2C%20title%2C%20description%2C%20scheduled_start%2C%20scheduled_end%2C%20fit_score%2C%20priority_score%2C%20alternative_slots&user_id=eq.33a07e45-c5a8-4b95-9e39-c12752012e36&scheduled_start=gte.2025-08-07T06%3A00%3A00&scheduled_end=lte.2025-08-14T06%3A00%3A00 "HTTP/2 200 OK"
2025-08-06 22:25:28,929 - INFO - 📅 EXISTING EVENTS: Found 4 events for collision check
2025-08-06 22:25:28,929 - INFO - 🎯 AUTO-SCHEDULING: Finding optimal time slot using patterns
2025-08-06 22:25:28,929 - INFO - 🔍 SIMILARITY SEARCH: Looking for similar task types
2025-08-06 22:25:29,005 - INFO - HTTP Request: GET https://oloqosncolwvxyzrcnsl.supabase.co/rest/v1/task_types?select=task_type%2C%20completion_count&user_id=eq.33a07e45-c5a8-4b95-9e39-c12752012e36 "HTTP/2 200 OK"
2025-08-06 22:25:29,276 - INFO - HTTP Request: POST https://api.openai.com/v1/embeddings "HTTP/1.1 200 OK"
2025-08-06 22:25:29,387 - INFO - HTTP Request: POST https://oloqosncolwvxyzrcnsl.supabase.co/rest/v1/rpc/match_task_types "HTTP/2 200 OK"
2025-08-06 22:25:29,388 - INFO - 🎯 PATTERN SCHEDULING: Using '代码审查' (similarity: 0.517, completions: 0)
2025-08-06 22:25:29,388 - INFO - SLOT_SEARCH: Finding 1.0h slot for '代码审查' with importance 0.40, priority 0.40
2025-08-06 22:25:29,482 - INFO - HTTP Request: GET https://oloqosncolwvxyzrcnsl.supabase.co/rest/v1/users?select=weekly_energy_pattern&id=eq.33a07e45-c5a8-4b95-9e39-c12752012e36 "HTTP/2 200 OK"
2025-08-06 22:25:29,483 - INFO - EVENTS_BREAKDOWN: 0 fixed events, 4 movable events
2025-08-06 22:25:29,484 - INFO - SLOT_SELECTED: 08/07 09:30 to 10:30 (full_score: 0.170)
2025-08-06 22:25:29,484 - INFO - DATABASE_CREATE: Creating event in database
2025-08-06 22:25:29,564 - INFO - HTTP Request: POST https://oloqosncolwvxyzrcnsl.supabase.co/rest/v1/events "HTTP/2 201 Created"
2025-08-06 22:25:29,568 - INFO - DATABASE_CREATE_SUCCESS: Event created with ID: 21e02508-ea32-490e-b1e2-901a023f2175, 2 alternatives stored
2025-08-06 22:25:29,568 - INFO - 📅 SCHEDULE SUCCESS: Event 21e02508-ea32-490e-b1e2-901a023f2175 scheduled using auto_schedule
2025-08-06 22:25:29,568 - INFO - ✅ 创建成功: 21e02508-ea32-490e-b1e2-901a023f2175
2025-08-06 22:25:29,568 - INFO - 📊 已创建 5 个自动调度事件
2025-08-06 22:25:31,569 - INFO - 🚨 开始测试直接调度冲突处理...
2025-08-06 22:25:31,570 - INFO - 📍 创建直接调度事件: 2025-08-07 10:30:00 - 2025-08-07 12:30:00
2025-08-06 22:25:31,570 - INFO - 📅 SCHEDULE START: User 33a07e45-c5a8-4b95-9e39-c12752012e36, task '紧急客户会议', duration 1.0h
2025-08-06 22:25:31,570 - INFO - 📅 SCHEDULE PARAMS: start=2025-08-07T10:30:00, end=2025-08-07T12:30:00, timezone=None
2025-08-06 22:25:31,570 - INFO - 📅 SCHEDULE PARAMS: importance=0.9, deadline=None, description='重要客户的紧急需求讨论'
2025-08-06 22:25:31,684 - INFO - HTTP Request: GET https://oloqosncolwvxyzrcnsl.supabase.co/rest/v1/events?select=id%2C%20user_id%2C%20task_type_id%2C%20title%2C%20description%2C%20scheduled_start%2C%20scheduled_end%2C%20fit_score%2C%20priority_score%2C%20alternative_slots&user_id=eq.33a07e45-c5a8-4b95-9e39-c12752012e36&scheduled_start=gte.2025-08-06T22%3A30%3A00&scheduled_end=lte.2025-08-08T00%3A30%3A00 "HTTP/2 200 OK"
2025-08-06 22:25:31,684 - INFO - 📅 EXISTING EVENTS: Found 5 events for collision check
2025-08-06 22:25:31,684 - INFO - 🎯 DIRECT SCHEDULING: User provided start/end times
2025-08-06 22:25:31,684 - INFO - 🎯 DIRECT SCHEDULING: Parsed times - start: 2025-08-07 10:30:00, end: 2025-08-07 12:30:00
2025-08-06 22:25:31,684 - INFO - DATABASE_CREATE: Creating event in database
2025-08-06 22:25:31,814 - INFO - HTTP Request: POST https://oloqosncolwvxyzrcnsl.supabase.co/rest/v1/events "HTTP/2 201 Created"
2025-08-06 22:25:31,815 - INFO - DATABASE_CREATE_SUCCESS: Event created with ID: c05221cc-8b84-4029-957c-ea1e11d38325, 0 alternatives stored
2025-08-06 22:25:31,815 - INFO - 📅 SCHEDULE SUCCESS: Event c05221cc-8b84-4029-957c-ea1e11d38325 scheduled using direct_schedule
2025-08-06 22:25:31,815 - INFO - ✅ 直接调度事件创建成功: c05221cc-8b84-4029-957c-ea1e11d38325
2025-08-06 22:25:34,830 - INFO - 🔍 验证冲突解决结果...
2025-08-06 22:25:35,032 - INFO - HTTP Request: GET https://oloqosncolwvxyzrcnsl.supabase.co/rest/v1/events?select=id%2C%20title%2C%20scheduled_start%2C%20scheduled_end%2C%20task_type_id&user_id=eq.33a07e45-c5a8-4b95-9e39-c12752012e36&scheduled_start=gte.2025-08-07T00%3A00%3A00&scheduled_end=lte.2025-08-07T23%3A59%3A59.999999&order=scheduled_start "HTTP/2 200 OK"
2025-08-06 22:25:35,037 - INFO - 📋 找到 6 个事件:
2025-08-06 22:25:35,037 - INFO -   • 每日晨会 (自动调度)
2025-08-06 22:25:35,037 - INFO -     时间: 06:00 - 06:30
2025-08-06 22:25:35,037 - INFO -   • 代码审查 (自动调度)
2025-08-06 22:25:35,037 - INFO -     时间: 06:30 - 07:30
2025-08-06 22:25:35,037 - INFO -   • 客户会议 (自动调度)
2025-08-06 22:25:35,037 - INFO -     时间: 06:30 - 08:00
2025-08-06 22:25:35,037 - INFO -   • 创意头脑风暴 (自动调度)
2025-08-06 22:25:35,037 - INFO -     时间: 07:30 - 09:30
2025-08-06 22:25:35,037 - INFO -   • 文档整理 (自动调度)
2025-08-06 22:25:35,037 - INFO -     时间: 09:30 - 10:30
2025-08-06 22:25:35,037 - INFO -   • 紧急客户会议 (直接调度)
2025-08-06 22:25:35,037 - INFO -     时间: 10:30 - 12:30
2025-08-06 22:25:35,037 - WARNING - ⚠️ 发现 2 个时间冲突:
2025-08-06 22:25:35,037 - WARNING -   冲突: 代码审查 vs 客户会议
2025-08-06 22:25:35,037 - WARNING -   冲突: 客户会议 vs 创意头脑风暴
2025-08-06 22:25:35,037 - INFO - 🎉 测试完成!
📅 Using default 7-day window: 08/07 06:00 - 08/14 06:00
📅 Found 0 existing events in time range
📊 USER HAS 4 EXISTING TASK TYPES:
   • '每日晨会' (completions: 0)
   • '代码审查' (completions: 0)
   • '客户会议' (completions: 0)
   • '创意头脑风暴' (completions: 0)
🔍 RAG Search: '每日晨会' (threshold: 0.40)
   🧮 Generated embedding: first 3 values = [-0.0015703713288530707, -0.0080778943374753, 0.022032784298062325]
🎯 RAG Best Match: '每日晨会' (similarity: 1.000)
✅ Similarity 1.000 >= 0.40 threshold - USING EXISTING TASK TYPE
💾 Creating event: '每日晨会' from 08/07 06:00 to 08/07 06:30
✅ Event created successfully with ID: 7a55f5ea-de1a-4586-ade6-0a81d1ab7477
📅 Using default 7-day window: 08/07 06:00 - 08/14 06:00
📅 Found 1 existing events in time range
📊 USER HAS 4 EXISTING TASK TYPES:
   • '每日晨会' (completions: 0)
   • '代码审查' (completions: 0)
   • '客户会议' (completions: 0)
   • '创意头脑风暴' (completions: 0)
🔍 RAG Search: '代码审查' (threshold: 0.40)
   🧮 Generated embedding: first 3 values = [0.0038352736737579107, 0.05653379112482071, -0.049792204052209854]
🎯 RAG Best Match: '代码审查' (similarity: 1.000)
✅ Similarity 1.000 >= 0.40 threshold - USING EXISTING TASK TYPE
💾 Creating event: '代码审查' from 08/07 06:30 to 08/07 07:30
✅ Event created successfully with ID: bbfdd185-d663-412b-ac1c-59c662700493
📅 Using default 7-day window: 08/07 06:00 - 08/14 06:00
📅 Found 2 existing events in time range
📊 USER HAS 4 EXISTING TASK TYPES:
   • '每日晨会' (completions: 0)
   • '代码审查' (completions: 0)
   • '客户会议' (completions: 0)
   • '创意头脑风暴' (completions: 0)
🔍 RAG Search: '客户会议' (threshold: 0.40)
   🧮 Generated embedding: first 3 values = [-0.021969253197312355, 0.003961668815463781, 0.010660490021109581]
🎯 RAG Best Match: '客户会议' (similarity: 1.000)
✅ Similarity 1.000 >= 0.40 threshold - USING EXISTING TASK TYPE
💾 Creating event: '客户会议' from 08/07 06:30 to 08/07 08:00
✅ Event created successfully with ID: 544527a7-3543-48f1-9511-089705dd0820
📅 Using default 7-day window: 08/07 06:00 - 08/14 06:00
📅 Found 3 existing events in time range
📊 USER HAS 4 EXISTING TASK TYPES:
   • '每日晨会' (completions: 0)
   • '代码审查' (completions: 0)
   • '客户会议' (completions: 0)
   • '创意头脑风暴' (completions: 0)
🔍 RAG Search: '创意头脑风暴' (threshold: 0.40)
   🧮 Generated embedding: first 3 values = [0.06836651265621185, 0.007681547198444605, -0.014536079950630665]
🎯 RAG Best Match: '创意头脑风暴' (similarity: 1.000)
✅ Similarity 1.000 >= 0.40 threshold - USING EXISTING TASK TYPE
💾 Creating event: '创意头脑风暴' from 08/07 07:30 to 08/07 09:30
✅ Event created successfully with ID: 909a27b7-8f66-480d-ba02-20344b50d008
📅 Using default 7-day window: 08/07 06:00 - 08/14 06:00
📅 Found 4 existing events in time range
📊 USER HAS 4 EXISTING TASK TYPES:
   • '每日晨会' (completions: 0)
   • '代码审查' (completions: 0)
   • '客户会议' (completions: 0)
   • '创意头脑风暴' (completions: 0)
🔍 RAG Search: '文档整理' (threshold: 0.40)
   🧮 Generated embedding: first 3 values = [0.022980360314249992, 0.028127137571573257, 0.0028435944113880396]
🎯 RAG Best Match: '代码审查' (similarity: 0.517)
✅ Similarity 0.517 >= 0.40 threshold - USING EXISTING TASK TYPE
💾 Creating event: '文档整理' from 08/07 09:30 to 08/07 10:30
✅ Event created successfully with ID: 21e02508-ea32-490e-b1e2-901a023f2175
📅 Found 5 existing events in time range
💾 Creating event: '紧急客户会议' from 08/07 10:30 to 08/07 12:30
✅ Event created successfully with ID: c05221cc-8b84-4029-957c-ea1e11d38325
